Removed Member From Class: ClassName=PWR Member=C1
Removed Member From Class: ClassName=PWR Member=C4
Removed Member From Class: ClassName=Driver Member=C15
Removed Member From Class: ClassName=PWR Member=J3
Removed Member From Class: ClassName=IMU Member=Q1
Removed Member From Class: ClassName=PWR Member=R8
Removed Member From Class: ClassName=Encoder Member=R11
Removed Member From Class: ClassName=Driver Member=R14
Removed Member From Class: ClassName=Driver Member=R20
Removed Member From Class: ClassName=Encoder Member=R22
Removed Member From Class: ClassName=Encoder Member=U1
Removed Member From Class: ClassName=PWR Member=U?1
Change Component Designator: OldDesignator=C1 NewDesignator=C23
Change Component Designator: OldDesignator=C3 NewDesignator=C12
Change Component Designator: OldDesignator=C4 NewDesignator=C3
Change Component Designator: OldDesignator=C5 NewDesignator=C11
Change Component Designator: OldDesignator=C6 NewDesignator=C13
Change Component Designator: OldDesignator=C7 NewDesignator=C15
Change Component Designator: OldDesignator=C8 NewDesignator=C18
Change Component Designator: OldDesignator=C10 NewDesignator=C14
Change Component Designator: OldDesignator=C11 NewDesignator=C10
Change Component Designator: OldDesignator=C12 NewDesignator=C7
Change Component Designator: OldDesignator=C13 NewDesignator=C6
Change Component Designator: OldDesignator=C14 NewDesignator=C8
Change Component Designator: OldDesignator=C15 NewDesignator=C17
Change Component Designator: OldDesignator=C16 NewDesignator=C1
Change Component Designator: OldDesignator=C17 NewDesignator=C5
Change Component Designator: OldDesignator=C18 NewDesignator=C4
Change Component Designator: OldDesignator=C19 NewDesignator=C21
Change Component Designator: OldDesignator=C21 NewDesignator=C19
Change Component Designator: OldDesignator=C22 NewDesignator=C16
Change Component Designator: OldDesignator=C23 NewDesignator=C22
Change Component Designator: OldDesignator=J1 NewDesignator=J2
Change Component Designator: OldDesignator=J2 NewDesignator=J1
Change Component Designator: OldDesignator=J3 NewDesignator=J1
Change Component Designator: OldDesignator=Q1 NewDesignator=Q2
Change Component Designator: OldDesignator=Q2 NewDesignator=Q3
Change Component Designator: OldDesignator=Q3 NewDesignator=Q1
Change Component Designator: OldDesignator=R1 NewDesignator=R9
Change Component Designator: OldDesignator=R2 NewDesignator=R8
Change Component Designator: OldDesignator=R3 NewDesignator=R6
Change Component Designator: OldDesignator=R4 NewDesignator=R5
Change Component Designator: OldDesignator=R5 NewDesignator=R28
Change Component Designator: OldDesignator=R6 NewDesignator=R25
Change Component Designator: OldDesignator=R7 NewDesignator=R24
Change Component Designator: OldDesignator=R8 NewDesignator=R21
Change Component Designator: OldDesignator=R9 NewDesignator=R23
Change Component Designator: OldDesignator=R10 NewDesignator=R20
Change Component Designator: OldDesignator=R11 NewDesignator=R27
Change Component Designator: OldDesignator=R12 NewDesignator=R22
Change Component Designator: OldDesignator=R14 NewDesignator=R15
Change Component Designator: OldDesignator=R15 NewDesignator=R11
Change Component Designator: OldDesignator=R16 NewDesignator=R14
Change Component Designator: OldDesignator=R17 NewDesignator=R12
Change Component Designator: OldDesignator=R18 NewDesignator=R19
Change Component Designator: OldDesignator=R19 NewDesignator=R18
Change Component Designator: OldDesignator=R20 NewDesignator=R17
Change Component Designator: OldDesignator=R21 NewDesignator=R16
Change Component Designator: OldDesignator=R22 NewDesignator=R3
Change Component Designator: OldDesignator=R23 NewDesignator=R4
Change Component Designator: OldDesignator=R24 NewDesignator=R1
Change Component Designator: OldDesignator=R25 NewDesignator=R2
Change Component Designator: OldDesignator=R26 NewDesignator=R10
Change Component Designator: OldDesignator=R27 NewDesignator=R7
Change Component Designator: OldDesignator=R28 NewDesignator=R29
Change Component Designator: OldDesignator=R29 NewDesignator=R26
Change Component Designator: OldDesignator=U1 NewDesignator=U5
Change Component Designator: OldDesignator=U2 NewDesignator=U3
Change Component Designator: OldDesignator=U3 NewDesignator=U4
Change Component Designator: OldDesignator=U4 NewDesignator=U2
Change Component Designator: OldDesignator=U?1 NewDesignator=U?
Added Pin To Net: NetName=+5V Pin=R26-2
Added Pin To Net: NetName=+5V Pin=R29-2
Added Member To Class: ClassName=Driver Member=Component C4 C0603C104M5RACTU
Added Member To Class: ClassName=Driver Member=Component C5 C0603C103M5RACTU
Added Member To Class: ClassName=PWR Member=Component C12 GRM188R6YA106MA73D
Added Member To Class: ClassName=PWR Member=Component C14 GRM158R61A226ME15D
Added Member To Class: ClassName=PWR Member=Component C16 75pF
Added Member To Class: ClassName=PWR Member=Component C21 CL21A107MQYNNWE
Added Member To Class: ClassName=IMU Member=Component C22 C0603C104M5RACTU
Added Member To Class: ClassName=PWR Member=Component J1 CON1
Added Member To Class: ClassName=PWR Member=Component J2 CON1
Added Member To Class: ClassName=Encoder Member=Component Q2 BSS138
Added Member To Class: ClassName=IMU Member=Component Q3 BSS138
Added Member To Class: ClassName=Encoder Member=Component R5 2.2k
Added Member To Class: ClassName=Encoder Member=Component R6 RES0603
Added Member To Class: ClassName=Encoder Member=Component R7 2.2k
Added Member To Class: ClassName=Encoder Member=Component R8 2.2k
Added Member To Class: ClassName=Encoder Member=Component R9 RES0603
Added Member To Class: ClassName=Driver Member=Component R11 RC0603JR-074K7L
Added Member To Class: ClassName=Driver Member=Component R12 RC0603JR-074K7L
Added Member To Class: ClassName=PWR Member=Component R15 105K
Added Member To Class: ClassName=PWR Member=Component R16 100K
Added Member To Class: ClassName=PWR Member=Component R19 CRCW040210K0JNED
Added Member To Class: ClassName=IMU Member=Component R22 RC0603FR-071KL
Added Member To Class: ClassName=IMU Member=Component R24 2.2k
Added Member To Class: ClassName=PWR Member=Component U4 TLV76733DRVR
Added Room: Name=Connector
Added Room: Name=Driver
Added Room: Name=Encoder
Added Room: Name=IMU
Added Room: Name=PWR
