Added Net: Name=+3V3
Added Net: Name=+5V
Added Net: Name=3V3
Added Net: Name=5V
Added Net: Name=12V
Added Net: Name=CAM_TRIGGER
Added Net: Name=ETHE1_RX_N
Added Net: Name=ETHE1_RX_P
Added Net: Name=ETHE1_TX_N
Added Net: Name=ETHE1_TX_P
Added Net: Name=ETHE2_RX_N
Added Net: Name=ETHE2_RX_P
Added Net: Name=ETHE2_TX_N
Added Net: Name=ETHE2_TX_P
Added Net: Name=GND
Added Net: Name=MCU1_Main_Left_SWCLK
Added Net: Name=MCU1_Main_Left_SWDIO
Added Net: Name=MCU1_Main_Right_SWCLK
Added Net: Name=MCU1_Main_Right_SWDIO
Added Net: Name=MCU2_Main_Left_SWCLK
Added Net: Name=MCU2_Main_Left_SWDIO
Added Net: Name=MCU2_Main_Right_SWCLK
Added Net: Name=MCU2_Main_Right_SWDIO
Added Net: Name=NetC4_2
Added Net: Name=NetC5_1
Added Net: Name=NetC5_2
Added Net: Name=NetC10_1
Added Net: Name=NetC11_1
Added Net: Name=NetC11_2
Added Net: Name=NetC16_1
Added Net: Name=NetC16_2
Added Net: Name=NetD1_2
Added Net: Name=NetJ1_1
Added Net: Name=NetJ1_2
Added Net: Name=NetJ1_3
Added Net: Name=NetP1_24
Added Net: Name=NetP1_26
Added Net: Name=NetP1_28
Added Net: Name=NetP1_45
Added Net: Name=NetP1_47
Added Net: Name=NetP1_49
Added Net: Name=NetP1_51
Added Net: Name=NetQ1_1
Added Net: Name=NetQ1_2
Added Net: Name=NetQ2_1
Added Net: Name=NetQ2_2
Added Net: Name=NetQ3_1
Added Net: Name=NetQ4_1
Added Net: Name=NetR3_2
Added Net: Name=NetR4_2
Added Net: Name=NetR11_2
Added Net: Name=NetR12_1
Added Net: Name=NetR13_2
Added Net: Name=NetR19_2
Added Net: Name=NetR22_2
Added Net: Name=NetR23_1
Added Net: Name=NX_CAN_H
Added Net: Name=NX_CAN_L
Added Net: Name=PWM_1
Added Net: Name=PWM_2
Added Net: Name=RS232_ENC_Left_RX
Added Net: Name=RS232_ENC_Left_TX
Added Net: Name=RS232_ENC_Right_RX
Added Net: Name=RS232_ENC_Right_TX
Added Net: Name=RS232_RX1
Added Net: Name=RS232_RX2
Added Net: Name=RS232_TX1
Added Net: Name=RS232_TX2
Added Net: Name=SBUS_1
Added Net: Name=SBUS_2
Added Net: Name=SCL_IMU1
Added Net: Name=SDA_IMU1
Added Net: Name=VDD
Added Class: Name=Connector
Added Class: Name=Driver
Added Class: Name=Encoder
Added Class: Name=IMU
Added Class: Name=PWR
Added Differential Pair: Name=ETHE1_RX
Added Differential Pair: Name=ETHE1_TX
Added Differential Pair: Name=ETHE2_RX
Added Differential Pair: Name=ETHE2_TX
Added Room: Name=Connector
Added Room: Name=Driver
Added Room: Name=Encoder
Added Room: Name=IMU
Added Room: Name=PWR
