Change Component Footprint: Designator=C4 Old Footprint=CAP0402 New Footprint=CAP0402
Change Component Footprint: Designator=C6 Old Footprint=CAP0402 New Footprint=CAP0402
Change Component Footprint: Designator=C7 Old Footprint=CAP0402 New Footprint=CAP0402
Change Component Footprint: Designator=C8 Old Footprint=CAP0402 New Footprint=CAP0402
Change Component Footprint: Designator=C11 Old Footprint=CAP0402 New Footprint=CAP0402
Change Component Footprint: Designator=C12 Old Footprint=CAP0402 New Footprint=CAP0402
Change Component Footprint: Designator=C13 Old Footprint=CAP0402 New Footprint=CAP0402
Change Component Footprint: Designator=C5 Old Footprint=CAP0603 New Footprint=CAP0603
Change Component Footprint: Designator=C10 Old Footprint=CAP0603 New Footprint=CAP0603
Change Component Footprint: Designator=C15 Old Footprint=CAP0603 New Footprint=CAP0603
Change Component Footprint: Designator=C16 Old Footprint=CAP0603 New Footprint=CAP0603
Change Component Footprint: Designator=C17 Old Footprint=CAP0603 New Footprint=CAP0603
Change Component Footprint: Designator=C18 Old Footprint=CAP0603 New Footprint=CAP0603
Change Component Footprint: Designator=C19 Old Footprint=CAP0603 New Footprint=CAP0603
Change Component Footprint: Designator=C21 Old Footprint=CAP0603 New Footprint=CAP0603
Change Component Footprint: Designator=C22 Old Footprint=CAP0603 New Footprint=CAP0603
Change Component Footprint: Designator=C14 Old Footprint=CAP0805 New Footprint=CAP0805
Change Component Footprint: Designator=D1 Old Footprint=LED0603 RED New Footprint=LED0603 RED
Change Component Footprint: Designator=R11 Old Footprint=RES0402 New Footprint=RES0402
Change Component Footprint: Designator=R12 Old Footprint=RES0402 New Footprint=RES0402
Change Component Footprint: Designator=R13 Old Footprint=RES0402 New Footprint=RES0402
Change Component Footprint: Designator=R14 Old Footprint=RES0402 New Footprint=RES0402
Change Component Footprint: Designator=R18 Old Footprint=RES0603 New Footprint=RES0603
Change Component Footprint: Designator=R19 Old Footprint=RES0603 New Footprint=RES0603
Change Component Footprint: Designator=R23 Old Footprint=RES0603 New Footprint=RES0603
Added Component: Designator=J3(XT60PW-M)
Add component (AddParameter): Name = "Availability"; Value = "Unavailable"; VariantName = "[No Variations]"
Add component (AddParameter): Name = "MF"; Value = "{'manufacturer': u'Molex'}"; VariantName = "[No Variations]"
Add component (AddParameter): Name = "MP"; Value = "2157601002"; VariantName = "[No Variations]"
Add component (AddParameter): Name = "Package"; Value = "None"; VariantName = "[No Variations]"
Add component (AddParameter): Name = "Price"; Value = "None"; VariantName = "[No Variations]"
Add component (AddParameter): Name = "Value"; Value = ""; VariantName = "[No Variations]"
Added Pin To Net: NetName=12V Pin=J3-1
Added Pin To Net: NetName=GND Pin=J3-2
Added Member To Class: ClassName=PWR Member=Component J3 2157601002
