Change Component Footprint: Designator=C2 Old Footprint=CAP0402 New Footprint=CAP0603-M
Change Component Comment : Designator=U2 Old Comment=LD39200PUR New Comment=LD39200PU33R
Change Component Comment : Designator=U3 Old Comment=LD39200PUR New Comment=LD39200PU33R
Added Component: Designator=R45(RES0402)
Add component (AddParameter): Name = "MP"; Value = "RC0402FR-0710KL"; VariantName = "[No Variations]"
Add component (AddParameter): Name = "Package"; Value = "0402"; VariantName = "[No Variations]"
Add component (AddParameter): Name = "Power rating"; Value = "63mW"; VariantName = "[No Variations]"
Add component (AddParameter): Name = "Tolerance"; Value = "1%"; VariantName = "[No Variations]"
Add component (AddParameter): Name = "Value"; Value = "10K"; VariantName = "[No Variations]"
Added Component: Designator=R46(RES0402)
Add component (AddParameter): Name = "MP"; Value = "RC0402FR-0710KL"; VariantName = "[No Variations]"
Add component (AddParameter): Name = "Package"; Value = "0402"; VariantName = "[No Variations]"
Add component (AddParameter): Name = "Power rating"; Value = "63mW"; VariantName = "[No Variations]"
Add component (AddParameter): Name = "Tolerance"; Value = "1%"; VariantName = "[No Variations]"
Add component (AddParameter): Name = "Value"; Value = "10K"; VariantName = "[No Variations]"
Added Component: Designator=R47(RES0402)
Add component (AddParameter): Name = "MP"; Value = "RC0402FR-0710KL"; VariantName = "[No Variations]"
Add component (AddParameter): Name = "Package"; Value = "0402"; VariantName = "[No Variations]"
Add component (AddParameter): Name = "Power rating"; Value = "63mW"; VariantName = "[No Variations]"
Add component (AddParameter): Name = "Tolerance"; Value = "1%"; VariantName = "[No Variations]"
Add component (AddParameter): Name = "Value"; Value = "10K"; VariantName = "[No Variations]"
Added Component: Designator=R48(RES0402)
Add component (AddParameter): Name = "MP"; Value = "RC0402FR-0710KL"; VariantName = "[No Variations]"
Add component (AddParameter): Name = "Package"; Value = "0402"; VariantName = "[No Variations]"
Add component (AddParameter): Name = "Power rating"; Value = "63mW"; VariantName = "[No Variations]"
Add component (AddParameter): Name = "Tolerance"; Value = "1%"; VariantName = "[No Variations]"
Add component (AddParameter): Name = "Value"; Value = "10K"; VariantName = "[No Variations]"
Added Pin To Net: NetName=NetD1_2 Pin=R7-1
Added Pin To Net: NetName=VDD_MCU1 Pin=R7-2
Added Pin To Net: NetName=NetD2_2 Pin=R8-1
Added Pin To Net: NetName=VDD_MCU2 Pin=R8-2
Added Pin To Net: NetName=VDD_MCU2 Pin=R45-2
Added Pin To Net: NetName=GND Pin=R46-1
Added Pin To Net: NetName=VDD_MCU1 Pin=R47-2
Added Pin To Net: NetName=GND Pin=R48-1
Added Pin To Net: NetName=NetR45_1 Pin=R45-1
Added Pin To Net: NetName=NetR45_1 Pin=R46-2
Added Pin To Net: NetName=NetR45_1 Pin=U5-B3
Added Net: Name=NetR45_1
Added Pin To Net: NetName=NetR47_1 Pin=R47-1
Added Pin To Net: NetName=NetR47_1 Pin=R48-2
Added Pin To Net: NetName=NetR47_1 Pin=U4-B3
Added Net: Name=NetR47_1
Added Member To Class: ClassName=MCU2 Member=Component R45 RES0402 10K
Added Member To Class: ClassName=MCU2 Member=Component R46 RES0402 10K
Added Member To Class: ClassName=MCU1 Member=Component R47 RES0402 10K
Added Member To Class: ClassName=MCU1 Member=Component R48 RES0402 10K
