Added Component: Designator=U6(MMC5983MA)
Add component (AddParameter): Name = "Mfr_Name"; Value = "Texas Instruments"; VariantName = "[No Variations]"
Add component (AddParameter): Name = "RefDes"; Value = "RefDes"; VariantName = "[No Variations]"
Add component (AddParameter): Name = "Type"; Value = "Type"; VariantName = "[No Variations]"
Added Pin To Net: NetName=NetC47_2 Pin=U6-1
Added Pin To Net: NetName=NetC48_1 Pin=U6-2
Added Pin To Net: NetName=NetC48_2 Pin=U6-3
Added Pin To Net: NetName=NetC49_1 Pin=U6-4
Added Pin To Net: NetName=RS232_TX2 Pin=U6-5
Added Pin To Net: NetName=RS232_RX2 Pin=U6-6
Added Pin To Net: NetName=NetR26_2 Pin=U6-7
Added Pin To Net: NetName=NetR25_2 Pin=U6-8
Added Pin To Net: NetName=NetR23_2 Pin=U6-9
Added Pin To Net: NetName=NetR24_2 Pin=U6-10
Added Pin To Net: NetName=RS232_RX1 Pin=U6-11
Added Pin To Net: NetName=RS232_TX1 Pin=U6-12
Added Pin To Net: NetName=GND Pin=U6-13
Added Pin To Net: NetName=VDD Pin=U6-14
Added Pin To Net: NetName=NetC45_1 Pin=U6-15
Added Pin To Net: NetName=NetC47_1 Pin=U6-16
Added Member To Class: ClassName=RS232 Member=Component U6 TRSF3232EIRGTR
