Added Component: Designator=U1(UFBGA169)
Add component (AddParameter): Name = "Copyright"; Value = "Copyright (C) 2026 Ultra Librarian. All rights reserved."; VariantName = "[No Variations]"
Add component (AddParameter): Name = "Manufacturer_Name"; Value = "STMicroelectronics"; VariantName = "[No Variations]"
Add component (AddParameter): Name = "Manufacturer_Part_Number"; Value = "STM32H747AII6"; VariantName = "[No Variations]"
Add component (AddParameter): Name = "RefDes"; Value = "RefDes"; VariantName = "[No Variations]"
Add component (AddParameter): Name = "Type"; Value = "Type"; VariantName = "[No Variations]"
Added Pin To Net: NetName=GND Pin=U1-A1
Added Pin To Net: NetName=VDD Pin=U1-A3
Added Pin To Net: NetName=NetC2_1 Pin=U1-A4
Added Pin To Net: NetName=NetP1_52 Pin=U1-A5
Added Pin To Net: NetName=NetP1_29 Pin=U1-A6
Added Pin To Net: NetName=GND Pin=U1-A7
Added Pin To Net: NetName=VDD Pin=U1-A9
Added Pin To Net: NetName=C_Main_SWCLK Pin=U1-A11
Added Pin To Net: NetName=GND Pin=U1-A12
Added Pin To Net: NetName=VDD Pin=U1-B1
Added Pin To Net: NetName=VDD Pin=U1-B2
Added Pin To Net: NetName=GND Pin=U1-B4
Added Pin To Net: NetName=NetR1_2 Pin=U1-B5
Added Pin To Net: NetName=NetP1_27 Pin=U1-B6
Added Pin To Net: NetName=VDD Pin=U1-B7
Added Pin To Net: NetName=RX_AI Pin=U1-B8
Added Pin To Net: NetName=GND Pin=U1-B9
Added Pin To Net: NetName=C_Main_SWDIO Pin=U1-B11
Added Pin To Net: NetName=VDD Pin=U1-B12
Added Pin To Net: NetName=VDD Pin=U1-B13
Added Pin To Net: NetName=I2C1_SDA Pin=U1-C5
Added Pin To Net: NetName=TX_AI Pin=U1-C8
Added Pin To Net: NetName=NetP2_20 Pin=U1-C9
Added Pin To Net: NetName=NetP1_11 Pin=U1-C10
Added Pin To Net: NetName=GND Pin=U1-C12
Added Pin To Net: NetName=NetC3_1 Pin=U1-C13
Added Pin To Net: NetName=GND Pin=U1-D1
Added Pin To Net: NetName=NetP1_44 Pin=U1-D5
Added Pin To Net: NetName=NetP1_46 Pin=U1-D6
Added Pin To Net: NetName=NetR10_1 Pin=U1-D9
Added Pin To Net: NetName=I2C3_SCL Pin=U1-D10
Added Pin To Net: NetName=VDD Pin=U1-E2
Added Pin To Net: NetName=I2C1_SCL Pin=U1-E5
Added Pin To Net: NetName=USART6_RX Pin=U1-E10
Added Pin To Net: NetName=I2C3_SDA Pin=U1-E11
Added Pin To Net: NetName=VDD Pin=U1-E12
Added Pin To Net: NetName=GND Pin=U1-E13
Added Pin To Net: NetName=GND Pin=U1-F1
Added Pin To Net: NetName=GND Pin=U1-F2
Added Pin To Net: NetName=GND Pin=U1-F3
Added Pin To Net: NetName=I2C2_SDA Pin=U1-F4
Added Pin To Net: NetName=I2C2_SCL Pin=U1-F5
Added Pin To Net: NetName=USART6_TX Pin=U1-F11
Added Pin To Net: NetName=VDD Pin=U1-F12
Added Pin To Net: NetName=VDD Pin=U1-F13
Added Pin To Net: NetName=GND Pin=U1-G12
Added Pin To Net: NetName=GND Pin=U1-G13
Added Pin To Net: NetName=VDD Pin=U1-H1
Added Pin To Net: NetName=GND Pin=U1-H2
Added Pin To Net: NetName=NRST Pin=U1-H5
Added Pin To Net: NetName=NetP1_34 Pin=U1-H6
Added Pin To Net: NetName=C_Yaw_TIM1_CH3 Pin=U1-H8
Added Pin To Net: NetName=C_Roll_TIM4_CH3 Pin=U1-H9
Added Pin To Net: NetName=GND Pin=U1-H11
Added Pin To Net: NetName=PH1 Pin=U1-J1
Added Pin To Net: NetName=PH0 Pin=U1-J2
Added Pin To Net: NetName=SPI1_SCK Pin=U1-J5
Added Pin To Net: NetName=C_Roll_TIM4_CH2 Pin=U1-J9
Added Pin To Net: NetName=C_Roll_TIM4_CH1 Pin=U1-J10
Added Pin To Net: NetName=GND Pin=U1-J11
Added Pin To Net: NetName=IMU1_INT2_FSYNC Pin=U1-K3
Added Pin To Net: NetName=SPI1_MOSI Pin=U1-K4
Added Pin To Net: NetName=USART3_TX Pin=U1-K9
Added Pin To Net: NetName=GND Pin=U1-K11
Added Pin To Net: NetName=GND Pin=U1-L1
Added Pin To Net: NetName=VDDA Pin=U1-L2
Added Pin To Net: NetName=IMU1_INT1 Pin=U1-L3
Added Pin To Net: NetName=NetP1_50 Pin=U1-L5
Added Pin To Net: NetName=VDD Pin=U1-L9
Added Pin To Net: NetName=VDD Pin=U1-L11
Added Pin To Net: NetName=VCAP_DSI Pin=U1-L12
Added Pin To Net: NetName=GND Pin=U1-L13
Added Pin To Net: NetName=VDDA Pin=U1-M1
Added Pin To Net: NetName=VDD Pin=U1-M2
Added Pin To Net: NetName=USART2_TX Pin=U1-M3
Added Pin To Net: NetName=SPI1_MISO Pin=U1-M4
Added Pin To Net: NetName=GND Pin=U1-M6
Added Pin To Net: NetName=I2C4_SDA Pin=U1-M7
Added Pin To Net: NetName=GND Pin=U1-M9
Added Pin To Net: NetName=USART1_RX Pin=U1-M11
Added Pin To Net: NetName=VDD Pin=U1-M13
Added Pin To Net: NetName=GND Pin=U1-N1
Added Pin To Net: NetName=USART2_RX Pin=U1-N2
Added Pin To Net: NetName=SPI1_CS Pin=U1-N3
Added Pin To Net: NetName=NetP1_32 Pin=U1-N4
Added Pin To Net: NetName=I2C4_SCL Pin=U1-N5
Added Pin To Net: NetName=C_Yaw_TIM1_CH1 Pin=U1-N6
Added Pin To Net: NetName=C_Yaw_TIM1_CH2 Pin=U1-N7
Added Pin To Net: NetName=USART3_RX Pin=U1-N8
Added Pin To Net: NetName=NetC4_1 Pin=U1-N9
Added Pin To Net: NetName=VDD Pin=U1-N10
Added Pin To Net: NetName=USART1_TX Pin=U1-N11
Added Member To Class: ClassName=MCU Member=Component U1 STM32H747AII6
Change Room Name: Old Name=BGA_Fanout New Name=PWR
Change Room Scope: Old Scope=All New Scope=InComponentClass('PWR')
Added Room: Name=Connector
Added Room: Name=IMU
Added Room: Name=MCU
Added Room: Name=RS232
