Removed Pin From Net: NetName=GND Pin=C2-2
Removed Pin From Net: NetName=GND Pin=C3-2
Removed Pin From Net: NetName=GND Pin=C4-2
Change Component Footprint: Designator=C1 Old Footprint=CAP0603 New Footprint=CAP0402
Change Component Footprint: Designator=C2 Old Footprint=CAP0603 New Footprint=CAP0402
Change Component Footprint: Designator=C3 Old Footprint=CAP0603 New Footprint=CAP0402
Change Component Footprint: Designator=C4 Old Footprint=CAP0603 New Footprint=CAP0402
Change Component Footprint: Designator=C5 Old Footprint=CAP0603 New Footprint=CAP0402
Change Component Footprint: Designator=C6 Old Footprint=CAP0603 New Footprint=CAP0402
Change Component Footprint: Designator=C16 Old Footprint=CAP0603 New Footprint=CAP0402
Change Component Footprint: Designator=C17 Old Footprint=CAP0603 New Footprint=CAP0402
Change Component Footprint: Designator=C18 Old Footprint=CAP0603 New Footprint=CAP0402
Change Component Footprint: Designator=C19 Old Footprint=CAP0603 New Footprint=CAP0402
Change Component Footprint: Designator=C20 Old Footprint=CAP0603 New Footprint=CAP0402
Change Component Footprint: Designator=C21 Old Footprint=CAP0603 New Footprint=CAP0402
Change Component Footprint: Designator=C22 Old Footprint=CAP0603 New Footprint=CAP0402
Change Component Footprint: Designator=C23 Old Footprint=CAP0603 New Footprint=CAP0402
Change Component Footprint: Designator=C24 Old Footprint=CAP0603 New Footprint=CAP0402
Change Component Footprint: Designator=C25 Old Footprint=CAP0603 New Footprint=CAP0402
Change Component Footprint: Designator=C26 Old Footprint=CAP0603 New Footprint=CAP0402
Change Component Comment : Designator=C1 Old Comment=CAP0603 0.1uF 50V New Comment=CAP0402
Change Component Comment : Designator=C6 Old Comment=CAP0603 0.1uF 50V New Comment=CAP0402
Change Component Comment : Designator=C17 Old Comment=CAP0603 0.1uF 50V New Comment=CAP0402 0.1uF 50V
Change Component Comment : Designator=C18 Old Comment=CAP0603 0.1uF 50V New Comment=CAP0402 0.1uF 50V
Change Component Comment : Designator=C19 Old Comment=CAP0603 0.1uF 50V New Comment=CAP0402 0.1uF 50V
Change Component Comment : Designator=C20 Old Comment=CAP0603 0.1uF 50V New Comment=CAP0402 0.1uF 50V
Change Component Comment : Designator=C21 Old Comment=CAP0603 0.1uF 50V New Comment=CAP0402 0.1uF 50V
Change Component Comment : Designator=C22 Old Comment=CAP0603 0.1uF 50V New Comment=CAP0402 0.1uF 50V
Change Component Comment : Designator=C23 Old Comment=CAP0603 0.1uF 50V New Comment=CAP0402 0.1uF 50V
Change Component Comment : Designator=C24 Old Comment=CAP0603 0.1uF 50V New Comment=CAP0402 0.1uF 50V
Change Component Comment : Designator=C25 Old Comment=CAP0603 0.1uF 50V New Comment=CAP0402 0.1uF 50V
Change Component Comment : Designator=C26 Old Comment=CAP0603 0.1uF 50V New Comment=CAP0402 0.1uF 50V
Change Component Comment : Designator=C2 Old Comment=CAP0603 2.2uF 25V New Comment=CAP0402
Change Component Comment : Designator=C3 Old Comment=CAP0603 2.2uF 25V New Comment=CAP0402
Change Component Comment : Designator=C4 Old Comment=CAP0603 2.2uF 25V New Comment=CAP0402
Change Component Comment : Designator=C5 Old Comment=CAP0603 2.2uF 25V New Comment=CAP0402
Change Component Comment : Designator=C16 Old Comment=CAP0603 4.7uF 10V New Comment=CAP0402 0.1uF 50V
Change component parameters: Designator = "C2" ("C2"); Footprint = "CAP0603"; UniqueID = "\MLRECYKW" ("\MLRECYKW")
Change component parameters (AddParameter): Name = "MP"; Value = "add later"; VariantName = "[No Variations]"
Change component parameters (AddParameter): Name = "Value"; Value = "2.2uF"; VariantName = "[No Variations]"
Change component parameters: Designator = "C3" ("C3"); Footprint = "CAP0603"; UniqueID = "\AVKRDBYF" ("\AVKRDBYF")
Change component parameters (AddParameter): Name = "MP"; Value = "add later"; VariantName = "[No Variations]"
Change component parameters (AddParameter): Name = "Value"; Value = "2.2uF"; VariantName = "[No Variations]"
Change component parameters: Designator = "C4" ("C4"); Footprint = "CAP0603"; UniqueID = "\QCYWBFRO" ("\QCYWBFRO")
Change component parameters (AddParameter): Name = "MP"; Value = "add later"; VariantName = "[No Variations]"
Change component parameters (AddParameter): Name = "Value"; Value = "2.2uF"; VariantName = "[No Variations]"
Change component parameters: Designator = "C5" ("C5"); Footprint = "CAP0603"; UniqueID = "\UPACIKEU" ("\UPACIKEU")
Change component parameters (AddParameter): Name = "MP"; Value = "add later"; VariantName = "[No Variations]"
Change component parameters (AddParameter): Name = "Value"; Value = "2.2uF"; VariantName = "[No Variations]"
Change component parameters: Designator = "C17" ("C17"); Footprint = "CAP0603"; UniqueID = "\SUHGRQNN" ("\SUHGRQNN")
Change component parameters (AddParameter): Name = "MP"; Value = "CC0402KRX5R9BB104"; VariantName = "[No Variations]"
Change component parameters (AddParameter): Name = "Package"; Value = "0402"; VariantName = "[No Variations]"
Change component parameters (AddParameter): Name = "Value"; Value = "0.1uF"; VariantName = "[No Variations]"
Change component parameters (AddParameter): Name = "Voltage"; Value = "50V"; VariantName = "[No Variations]"
Change component parameters: Designator = "C18" ("C18"); Footprint = "CAP0603"; UniqueID = "\OESYQATJ" ("\OESYQATJ")
Change component parameters (AddParameter): Name = "MP"; Value = "CC0402KRX5R9BB104"; VariantName = "[No Variations]"
Change component parameters (AddParameter): Name = "Package"; Value = "0402"; VariantName = "[No Variations]"
Change component parameters (AddParameter): Name = "Value"; Value = "0.1uF"; VariantName = "[No Variations]"
Change component parameters (AddParameter): Name = "Voltage"; Value = "50V"; VariantName = "[No Variations]"
Change component parameters: Designator = "C19" ("C19"); Footprint = "CAP0603"; UniqueID = "\AUPHHXCY" ("\AUPHHXCY")
Change component parameters (AddParameter): Name = "MP"; Value = "CC0402KRX5R9BB104"; VariantName = "[No Variations]"
Change component parameters (AddParameter): Name = "Package"; Value = "0402"; VariantName = "[No Variations]"
Change component parameters (AddParameter): Name = "Value"; Value = "0.1uF"; VariantName = "[No Variations]"
Change component parameters (AddParameter): Name = "Voltage"; Value = "50V"; VariantName = "[No Variations]"
Change component parameters: Designator = "C20" ("C20"); Footprint = "CAP0603"; UniqueID = "\QHQETNZA" ("\QHQETNZA")
Change component parameters (AddParameter): Name = "MP"; Value = "CC0402KRX5R9BB104"; VariantName = "[No Variations]"
Change component parameters (AddParameter): Name = "Package"; Value = "0402"; VariantName = "[No Variations]"
Change component parameters (AddParameter): Name = "Value"; Value = "0.1uF"; VariantName = "[No Variations]"
Change component parameters (AddParameter): Name = "Voltage"; Value = "50V"; VariantName = "[No Variations]"
Change component parameters: Designator = "C21" ("C21"); Footprint = "CAP0603"; UniqueID = "\AVRIZZHH" ("\AVRIZZHH")
Change component parameters (AddParameter): Name = "MP"; Value = "CC0402KRX5R9BB104"; VariantName = "[No Variations]"
Change component parameters (AddParameter): Name = "Package"; Value = "0402"; VariantName = "[No Variations]"
Change component parameters (AddParameter): Name = "Value"; Value = "0.1uF"; VariantName = "[No Variations]"
Change component parameters (AddParameter): Name = "Voltage"; Value = "50V"; VariantName = "[No Variations]"
Change component parameters: Designator = "C22" ("C22"); Footprint = "CAP0603"; UniqueID = "\ESDOAAIG" ("\ESDOAAIG")
Change component parameters (AddParameter): Name = "MP"; Value = "CC0402KRX5R9BB104"; VariantName = "[No Variations]"
Change component parameters (AddParameter): Name = "Package"; Value = "0402"; VariantName = "[No Variations]"
Change component parameters (AddParameter): Name = "Value"; Value = "0.1uF"; VariantName = "[No Variations]"
Change component parameters (AddParameter): Name = "Voltage"; Value = "50V"; VariantName = "[No Variations]"
Change component parameters: Designator = "C23" ("C23"); Footprint = "CAP0603"; UniqueID = "\FHIAVPSY" ("\FHIAVPSY")
Change component parameters (AddParameter): Name = "MP"; Value = "CC0402KRX5R9BB104"; VariantName = "[No Variations]"
Change component parameters (AddParameter): Name = "Package"; Value = "0402"; VariantName = "[No Variations]"
Change component parameters (AddParameter): Name = "Value"; Value = "0.1uF"; VariantName = "[No Variations]"
Change component parameters (AddParameter): Name = "Voltage"; Value = "50V"; VariantName = "[No Variations]"
Change component parameters: Designator = "C24" ("C24"); Footprint = "CAP0603"; UniqueID = "\BBACYLDY" ("\BBACYLDY")
Change component parameters (AddParameter): Name = "MP"; Value = "CC0402KRX5R9BB104"; VariantName = "[No Variations]"
Change component parameters (AddParameter): Name = "Package"; Value = "0402"; VariantName = "[No Variations]"
Change component parameters (AddParameter): Name = "Value"; Value = "0.1uF"; VariantName = "[No Variations]"
Change component parameters (AddParameter): Name = "Voltage"; Value = "50V"; VariantName = "[No Variations]"
Change component parameters: Designator = "C25" ("C25"); Footprint = "CAP0603"; UniqueID = "\FFCMSQXB" ("\FFCMSQXB")
Change component parameters (AddParameter): Name = "MP"; Value = "CC0402KRX5R9BB104"; VariantName = "[No Variations]"
Change component parameters (AddParameter): Name = "Package"; Value = "0402"; VariantName = "[No Variations]"
Change component parameters (AddParameter): Name = "Value"; Value = "0.1uF"; VariantName = "[No Variations]"
Change component parameters (AddParameter): Name = "Voltage"; Value = "50V"; VariantName = "[No Variations]"
Change component parameters: Designator = "C26" ("C26"); Footprint = "CAP0603"; UniqueID = "\NUIGFPDG" ("\NUIGFPDG")
Change component parameters (AddParameter): Name = "MP"; Value = "CC0402KRX5R9BB104"; VariantName = "[No Variations]"
Change component parameters (AddParameter): Name = "Package"; Value = "0402"; VariantName = "[No Variations]"
Change component parameters (AddParameter): Name = "Value"; Value = "0.1uF"; VariantName = "[No Variations]"
Change component parameters (AddParameter): Name = "Voltage"; Value = "50V"; VariantName = "[No Variations]"
Change component parameters: Designator = "C1" ("C1"); Footprint = "CAP0603"; UniqueID = "\SIBWISEB" ("\SIBWISEB")
Change component parameters (AddParameter): Name = "MP"; Value = "add later"; VariantName = "[No Variations]"
Change component parameters (AddParameter): Name = "Value"; Value = "0.1uF"; VariantName = "[No Variations]"
Change component parameters: Designator = "C6" ("C6"); Footprint = "CAP0603"; UniqueID = "\YQLKYROK" ("\YQLKYROK")
Change component parameters (AddParameter): Name = "MP"; Value = "add later"; VariantName = "[No Variations]"
Change component parameters (AddParameter): Name = "Value"; Value = "0.1uF"; VariantName = "[No Variations]"
Change component parameters: Designator = "C16" ("C16"); Footprint = "CAP0603"; UniqueID = "\MMEAYCWW" ("\MMEAYCWW")
Change component parameters (AddParameter): Name = "MP"; Value = "CC0402KRX5R9BB104"; VariantName = "[No Variations]"
Change component parameters (AddParameter): Name = "Package"; Value = "0402"; VariantName = "[No Variations]"
Change component parameters (AddParameter): Name = "Value"; Value = "0.1uF"; VariantName = "[No Variations]"
Change component parameters (AddParameter): Name = "Voltage"; Value = "50V"; VariantName = "[No Variations]"
Added Pin To Net: NetName=GND Pin=C2-1
Added Pin To Net: NetName=GND Pin=C3-1
Added Pin To Net: NetName=GND Pin=C4-1
Added Pin To Net: NetName=NetC2_2 Pin=C2-2
Added Pin To Net: NetName=NetC2_2 Pin=U1-A4
Added Net: Name=NetC2_2
Added Pin To Net: NetName=NetC3_2 Pin=C3-2
Added Pin To Net: NetName=NetC3_2 Pin=U1-C13
Added Net: Name=NetC3_2
Added Pin To Net: NetName=NetC4_2 Pin=C4-2
Added Pin To Net: NetName=NetC4_2 Pin=U1-N9
Added Net: Name=NetC4_2
Added Room: Name=Connector
Added Room: Name=IMU
Added Room: Name=MCU
Added Room: Name=PWR
Added Room: Name=RS232
