Added Component: Designator=R27(RES0402)
Add component (AddParameter): Name = "MP"; Value = "RC0402JR-070RL"; VariantName = "[No Variations]"
Add component (AddParameter): Name = "Value"; Value = "1K"; VariantName = "[No Variations]"
Added Pin To Net: NetName=GND Pin=R27-1
Added Pin To Net: NetName=NetP2_50 Pin=P2-50
Added Pin To Net: NetName=NetP2_50 Pin=U1-L5
Added Net: Name=NetP2_50
Added Pin To Net: NetName=NetP2_52 Pin=P2-52
Added Pin To Net: NetName=NetP2_52 Pin=U1-A5
Added Net: Name=NetP2_52
Added Pin To Net: NetName=NetR27_2 Pin=R27-2
Added Pin To Net: NetName=NetR27_2 Pin=U1-B3
Added Net: Name=NetR27_2
Added Member To Class: ClassName=MCU Member=Component R27 RES0402 0R
Change Room Name: Old Name=Room_BGA New Name=PWR
Change Room Scope: Old Scope=InComponent('No Component') New Scope=InComponentClass('PWR')
Added Room: Name=Connector
Added Room: Name=IMU
Added Room: Name=MCU
Added Room: Name=RS232
