Removed Pin From Net: NetName=IMU1_INT1 Pin=U4-4
Removed Pin From Net: NetName=IMU1_INT2_FSYNC Pin=U4-9
Added Component: Designator=R20(RES0603)
Add component (AddParameter): Name = "MP"; Value = "add later"; VariantName = "[No Variations]"
Add component (AddParameter): Name = "Value"; Value = "4.7K"; VariantName = "[No Variations]"
Added Component: Designator=R21(RES0603)
Add component (AddParameter): Name = "MP"; Value = "add later"; VariantName = "[No Variations]"
Add component (AddParameter): Name = "Value"; Value = "4.7K"; VariantName = "[No Variations]"
Added Pin To Net: NetName=IMU1_INT2_FSYNC Pin=R20-1
Added Pin To Net: NetName=IMU1_INT1 Pin=R21-2
Added Pin To Net: NetName=NetR21_1 Pin=R21-1
Added Pin To Net: NetName=NetR21_1 Pin=U4-4
Added Net: Name=NetR21_1
Added Member To Class: ClassName=IMU Member=Component R20 RES0603
Added Member To Class: ClassName=IMU Member=Component R21 RES0603
Added Room: Name=Connector
Added Room: Name=IMU
Added Room: Name=MCU
Added Room: Name=PWR
Added Room: Name=RS232
