Added Component: Designator=R19(RES0402)
Add component (AddParameter): Name = "MP"; Value = "add later"; VariantName = "[No Variations]"
Add component (AddParameter): Name = "Value"; Value = "0R"; VariantName = "[No Variations]"
Added Component: Designator=R20(RES0402)
Add component (AddParameter): Name = "MP"; Value = "add later"; VariantName = "[No Variations]"
Add component (AddParameter): Name = "Value"; Value = "0R"; VariantName = "[No Variations]"
Added Component: Designator=R21(RES0402)
Add component (AddParameter): Name = "MP"; Value = "add later"; VariantName = "[No Variations]"
Add component (AddParameter): Name = "Value"; Value = "0R"; VariantName = "[No Variations]"
Added Component: Designator=R22(RES0402)
Add component (AddParameter): Name = "MP"; Value = "add later"; VariantName = "[No Variations]"
Add component (AddParameter): Name = "Value"; Value = "0R"; VariantName = "[No Variations]"
Added Component: Designator=R23(RES0402)
Add component (AddParameter): Name = "MP"; Value = "add later"; VariantName = "[No Variations]"
Add component (AddParameter): Name = "Value"; Value = "0R"; VariantName = "[No Variations]"
Added Component: Designator=R24(RES0402)
Add component (AddParameter): Name = "MP"; Value = "add later"; VariantName = "[No Variations]"
Add component (AddParameter): Name = "Value"; Value = "0R"; VariantName = "[No Variations]"
Added Component: Designator=R25(RES0402)
Add component (AddParameter): Name = "MP"; Value = "add later"; VariantName = "[No Variations]"
Add component (AddParameter): Name = "Value"; Value = "0R"; VariantName = "[No Variations]"
Added Component: Designator=R26(RES0402)
Add component (AddParameter): Name = "MP"; Value = "add later"; VariantName = "[No Variations]"
Add component (AddParameter): Name = "Value"; Value = "0R"; VariantName = "[No Variations]"
Added Component: Designator=U5(X2QFN-12)
Add component (AddParameter): Name = "Mfr_Name"; Value = "Texas Instruments"; VariantName = "[No Variations]"
Add component (AddParameter): Name = "RefDes"; Value = "RefDes"; VariantName = "[No Variations]"
Add component (AddParameter): Name = "Type"; Value = "Type"; VariantName = "[No Variations]"
Added Pin To Net: NetName=NetR6_2 Pin=R19-1
Added Pin To Net: NetName=NetR19_2 Pin=R19-2
Added Pin To Net: NetName=NetR7_2 Pin=R20-1
Added Pin To Net: NetName=NetR20_2 Pin=R20-2
Added Pin To Net: NetName=NetR4_2 Pin=R21-1
Added Pin To Net: NetName=NetR21_2 Pin=R21-2
Added Pin To Net: NetName=NetR5_2 Pin=R22-1
Added Pin To Net: NetName=NetR22_2 Pin=R22-2
Added Pin To Net: NetName=NetR2_1 Pin=R23-1
Added Pin To Net: NetName=NetR23_2 Pin=R23-2
Added Pin To Net: NetName=NetR3_1 Pin=R24-1
Added Pin To Net: NetName=NetR24_2 Pin=R24-2
Added Pin To Net: NetName=NetR8_1 Pin=R25-1
Added Pin To Net: NetName=NetR25_2 Pin=R25-2
Added Pin To Net: NetName=NetR9_1 Pin=R26-1
Added Pin To Net: NetName=NetR26_2 Pin=R26-2
Added Pin To Net: NetName=NetC42_2 Pin=U5-1
Added Pin To Net: NetName=NetC43_1 Pin=U5-2
Added Pin To Net: NetName=NetC43_2 Pin=U5-3
Added Pin To Net: NetName=NetC44_1 Pin=U5-4
Added Pin To Net: NetName=RS232_ENC_Right_TX Pin=U5-5
Added Pin To Net: NetName=RS232_ENC_Right_RX Pin=U5-6
Added Pin To Net: NetName=NetR22_2 Pin=U5-7
Added Pin To Net: NetName=NetR21_2 Pin=U5-8
Added Pin To Net: NetName=NetR19_2 Pin=U5-9
Added Pin To Net: NetName=NetR20_2 Pin=U5-10
Added Pin To Net: NetName=RS232_ENC_Left_RX Pin=U5-11
Added Pin To Net: NetName=RS232_ENC_Left_TX Pin=U5-12
Added Member To Class: ClassName=RS232 Member=Component R19 RES0402
Added Member To Class: ClassName=RS232 Member=Component R20 RES0402
Added Member To Class: ClassName=RS232 Member=Component R21 RES0402
Added Member To Class: ClassName=RS232 Member=Component R22 RES0402
Added Member To Class: ClassName=RS232 Member=Component R23 RES0402
Added Member To Class: ClassName=RS232 Member=Component R24 RES0402
Added Member To Class: ClassName=RS232 Member=Component R25 RES0402
Added Member To Class: ClassName=RS232 Member=Component R26 RES0402
Added Member To Class: ClassName=RS232 Member=Component U5 TRSF3232EIRGTR
