Added Component: Designator=R2(RES0402)
Add component (AddParameter): Name = "MP"; Value = "RC0402JR-070RL"; VariantName = "[No Variations]"
Add component (AddParameter): Name = "Value"; Value = "0R"; VariantName = "[No Variations]"
Added Component: Designator=R3(RES0402)
Add component (AddParameter): Name = "MP"; Value = "RC0402JR-070RL"; VariantName = "[No Variations]"
Add component (AddParameter): Name = "Value"; Value = "0R"; VariantName = "[No Variations]"
Added Component: Designator=R4(RES0402)
Add component (AddParameter): Name = "MP"; Value = "RC0402JR-070RL"; VariantName = "[No Variations]"
Add component (AddParameter): Name = "Value"; Value = "0R"; VariantName = "[No Variations]"
Added Component: Designator=R5(RES0402)
Add component (AddParameter): Name = "MP"; Value = "RC0402JR-070RL"; VariantName = "[No Variations]"
Add component (AddParameter): Name = "Value"; Value = "0R"; VariantName = "[No Variations]"
Added Component: Designator=R6(RES0402)
Add component (AddParameter): Name = "MP"; Value = "RC0402JR-070RL"; VariantName = "[No Variations]"
Add component (AddParameter): Name = "Value"; Value = "0R"; VariantName = "[No Variations]"
Added Component: Designator=R7(RES0402)
Add component (AddParameter): Name = "MP"; Value = "RC0402JR-070RL"; VariantName = "[No Variations]"
Add component (AddParameter): Name = "Value"; Value = "0R"; VariantName = "[No Variations]"
Added Component: Designator=R8(RES0402)
Add component (AddParameter): Name = "MP"; Value = "RC0402JR-070RL"; VariantName = "[No Variations]"
Add component (AddParameter): Name = "Value"; Value = "0R"; VariantName = "[No Variations]"
Added Component: Designator=R9(RES0402)
Add component (AddParameter): Name = "MP"; Value = "RC0402JR-070RL"; VariantName = "[No Variations]"
Add component (AddParameter): Name = "Value"; Value = "0R"; VariantName = "[No Variations]"
Added Component: Designator=R10(RES0603)
Add component (AddParameter): Name = "MP"; Value = "add later"; VariantName = "[No Variations]"
Add component (AddParameter): Name = "Value"; Value = "1K"; VariantName = "[No Variations]"
Added Pin To Net: NetName=NetR2_1 Pin=R2-1
Added Pin To Net: NetName=USART2_TX Pin=R2-2
Added Pin To Net: NetName=NetR3_1 Pin=R3-1
Added Pin To Net: NetName=USART2_RX Pin=R3-2
Added Pin To Net: NetName=USART3_TX Pin=R4-1
Added Pin To Net: NetName=NetR4_2 Pin=R4-2
Added Pin To Net: NetName=USART3_RX Pin=R5-1
Added Pin To Net: NetName=NetR5_2 Pin=R5-2
Added Pin To Net: NetName=USART1_TX Pin=R6-1
Added Pin To Net: NetName=NetR6_2 Pin=R6-2
Added Pin To Net: NetName=USART1_RX Pin=R7-1
Added Pin To Net: NetName=NetR7_2 Pin=R7-2
Added Pin To Net: NetName=NetR8_1 Pin=R8-1
Added Pin To Net: NetName=USART6_TX Pin=R8-2
Added Pin To Net: NetName=NetR9_1 Pin=R9-1
Added Pin To Net: NetName=USART6_RX Pin=R9-2
Added Pin To Net: NetName=NetR10_1 Pin=R10-1
Added Pin To Net: NetName=NetD1_2 Pin=R10-2
Added Member To Class: ClassName=MCU Member=Component R2 RES0402 0R
Added Member To Class: ClassName=MCU Member=Component R3 RES0402 0R
Added Member To Class: ClassName=MCU Member=Component R4 RES0402 0R
Added Member To Class: ClassName=MCU Member=Component R5 RES0402 0R
Added Member To Class: ClassName=MCU Member=Component R6 RES0402 0R
Added Member To Class: ClassName=MCU Member=Component R7 RES0402 0R
Added Member To Class: ClassName=MCU Member=Component R8 RES0402 0R
Added Member To Class: ClassName=MCU Member=Component R9 RES0402 0R
Added Member To Class: ClassName=MCU Member=Component R10 RES0603
